// Jest Snapshot v1, https://goo.gl/fbAQLP

exports[`WeatherDetails should match the snapshot 1`] = `
<div
  className="container"
>
  <div
    className="topSection"
  >
    <div
      className="location"
    >
      <svg
        aria-hidden={true}
        className="MuiSvgIcon-root locationIcon"
        focusable="false"
        viewBox="0 0 24 24"
      >
        <path
          d="M12 2C8.13 2 5 5.13 5 9c0 5.25 7 13 7 13s7-7.75 7-13c0-3.87-3.13-7-7-7zm0 9.5c-1.38 0-2.5-1.12-2.5-2.5s1.12-2.5 2.5-2.5 2.5 1.12 2.5 2.5-1.12 2.5-2.5 2.5z"
        />
      </svg>
      <span
        className="locationName"
      >
        Boston
      </span>
    </div>
  </div>
  <div
    className="iconSection"
  >
    <img
      className="icon"
      src="http://openweathermap.org/img/wn/10d@2x.png"
    />
    <div
      className="temp"
    >
      <span>
        48
        °
        C
      </span>
    </div>
    <div
      className="mainInfo"
    >
      <div>
        Rain
      </div>
      <div>
        <span>
          45
          °/
          51
          °
        </span>
      </div>
      <div>
        <div>
          Feels like: 
          <span>
            45
            °
            C
          </span>
        </div>
      </div>
    </div>
  </div>
  <div
    className="detailsSection"
  >
    <div
      className="innerContainer"
    >
      <div
        className="detail"
      >
        <div
          className="detailLabel"
        >
          Humidity:
        </div>
        <div
          className="detaiValue"
        >
          93
        </div>
      </div>
      <div
        className="detail"
      >
        <div
          className="detailLabel"
        >
          Pressure:
        </div>
        <div
          className="detaiValue"
        >
          1018
        </div>
      </div>
      <div
        className="detail"
      >
        <div
          className="detailLabel"
        >
          Wind:
        </div>
        <div
          className="detaiValue"
        >
          3
        </div>
      </div>
      <div
        className="detail"
      >
        <div
          className="detailLabel"
        >
          Temp Min:
        </div>
        <div
          className="detaiValue"
        >
          <span>
            45
            °
            C
          </span>
        </div>
      </div>
      <div
        className="detail"
      >
        <div
          className="detailLabel"
        >
          Temp Max:
        </div>
        <div
          className="detaiValue"
        >
          <span>
            51
            °
            C
          </span>
        </div>
      </div>
    </div>
  </div>
</div>
`;
